[Any, 0, 0] => Any, -1, 0 
[Any, 0, 5] => Any, -1, 3 
[Aged Brie, 0, 0] => Aged Brie, -1, 2 
[Aged Brie, 0, 5] => Aged Brie, -1, 7 
[Sulfuras, Hand of Ragnaros, 0, 0] => Sulfuras, Hand of Ragnaros, 0, 0 
[Sulfuras, Hand of Ragnaros, 0, 5] => Sulfuras, Hand of Ragnaros, 0, 5 
[Backstage passes to a TAFKAL80ETC concert, 0, 0] => Backstage passes to a TAFKAL80ETC concert, -1, 0 
[Backstage passes to a TAFKAL80ETC concert, 0, 5] => Backstage passes to a TAFKAL80ETC concert, -1, 0 
